============================= test session starts =============================
platform win32 -- Python 3.12.7, pytest-8.3.3, pluggy-1.5.0
rootdir: C:\Users\margu\Visualizer
plugins: cov-5.0.0
collected 10 items

test_all.py ..........                                                   [100%]

======================== 10 passed, 1 warning in 0.87s ========================
